// Jest Snapshot v1, https://goo.gl/fbAQLP

exports[`<postLoader /> renders correctly 1`] = `<postLoader />`;
