// Jest Snapshot v1, https://goo.gl/fbAQLP

exports[`<CreatePost/> renders correctly 1`] = `
<View>
  <View
    style={
      Object {
        "alignItems": "flex-end",
        "alignSelf": "stretch",
        "backgroundColor": "#179aff",
        "flexDirection": "row",
        "height": 52,
        "justifyContent": "space-between",
        "paddingLeft": 10,
        "paddingRight": 10,
      }
    }
  >
    <Text
      style={
        Object {
          "color": "#FFED00",
          "fontSize": 32,
          "fontWeight": "bold",
        }
      }
    >
      IkeBook
    </Text>
  </View>
  <View
    style={
      Object {
        "alignItems": "center",
        "backgroundColor": "#cdd7d6",
        "height": "100%",
        "justifyContent": "flex-start",
      }
    }
  >
    <TextInput
      allowFontScaling={true}
      onChangeText={[Function]}
      onKeyPress={[Function]}
      placeholder="What is on your mind"
      rejectResponderTermination={true}
      style={
        Object {
          "backgroundColor": "white",
          "borderBottomWidth": 1,
          "borderColor": "#E1E5EA",
          "borderLeftWidth": 1,
          "borderRadius": 4,
          "borderRightWidth": 1,
          "borderTopWidth": 1,
          "color": "black",
          "fontSize": 16,
          "height": 100,
          "paddingBottom": 15,
          "paddingLeft": 14,
          "paddingRight": 14,
          "paddingTop": 15,
          "width": "80%",
        }
      }
      underlineColorAndroid="transparent"
      value=""
    />
    <View
      style={
        Object {
          "backgroundColor": "blue",
        }
      }
    >
      <View
        accessibilityRole="button"
        accessibilityState={Object {}}
        accessible={true}
        focusable={true}
        onClick={[Function]}
        onResponderGrant={[Function]}
        onResponderMove={[Function]}
        onResponderRelease={[Function]}
        onResponderTerminate={[Function]}
        onResponderTerminationRequest={[Function]}
        onStartShouldSetResponder={[Function]}
        style={
          Object {
            "opacity": 1,
          }
        }
      >
        <View
          style={
            Array [
              Object {},
            ]
          }
        >
          <Text
            style={
              Array [
                Object {
                  "color": "#007AFF",
                  "fontSize": 18,
                  "margin": 8,
                  "textAlign": "center",
                },
              ]
            }
          >
            Create Post
          </Text>
        </View>
      </View>
    </View>
  </View>
</View>
`;
